c:\users\chris\source\repos\rollercoaster\rollercoaster\x64\debug\vc142.pdb
c:\users\chris\source\repos\rollercoaster\rollercoaster\x64\debug\vc142.idb
c:\users\chris\source\repos\rollercoaster\rollercoaster\x64\debug\mesh.obj
c:\users\chris\source\repos\rollercoaster\rollercoaster\x64\debug\app.obj
c:\users\chris\source\repos\rollercoaster\rollercoaster\x64\debug\vertexbuffer.obj
c:\users\chris\source\repos\rollercoaster\rollercoaster\x64\debug\vertexarray.obj
c:\users\chris\source\repos\rollercoaster\rollercoaster\x64\debug\source.obj
c:\users\chris\source\repos\rollercoaster\rollercoaster\x64\debug\shader.obj
c:\users\chris\source\repos\rollercoaster\rollercoaster\x64\debug\renderer.obj
c:\users\chris\source\repos\rollercoaster\rollercoaster\x64\debug\model.obj
c:\users\chris\source\repos\rollercoaster\rollercoaster\x64\debug\indexbuffer.obj
c:\users\chris\source\repos\rollercoaster\rollercoaster\x64\debug\bufferlayout.obj
c:\users\chris\source\repos\rollercoaster\rollercoaster\x64\debug\raycast.obj
c:\users\chris\source\repos\rollercoaster\rollercoaster\x64\debug\camera.obj
c:\users\chris\source\repos\rollercoaster\rollercoaster\x64\debug\track.obj
c:\users\chris\source\repos\rollercoaster\rollercoaster\x64\debug\gizmo.obj
c:\users\chris\source\repos\rollercoaster\rollercoaster\x64\debug\scene.obj
c:\users\chris\source\repos\rollercoaster\rollercoaster\x64\debug\object.obj
c:\users\chris\source\repos\rollercoaster\x64\debug\rollercoaster.exe
c:\users\chris\source\repos\rollercoaster\rollercoaster\x64\debug\rollercoaster.ilk
c:\users\chris\source\repos\rollercoaster\x64\debug\rollercoaster.pdb
c:\users\chris\source\repos\rollercoaster\rollercoaster\x64\debug\app.obj.enc
c:\users\chris\source\repos\rollercoaster\rollercoaster\x64\debug\gizmo.obj.enc
c:\users\chris\source\repos\rollercoaster\rollercoaster\x64\debug\model.obj.enc
c:\users\chris\source\repos\rollercoaster\rollercoaster\x64\debug\scene.obj.enc
c:\users\chris\source\repos\rollercoaster\rollercoaster\x64\debug\rollercoaster.tlog\cl.command.1.tlog
c:\users\chris\source\repos\rollercoaster\rollercoaster\x64\debug\rollercoaster.tlog\cl.read.1.tlog
c:\users\chris\source\repos\rollercoaster\rollercoaster\x64\debug\rollercoaster.tlog\cl.write.1.tlog
c:\users\chris\source\repos\rollercoaster\rollercoaster\x64\debug\rollercoaster.tlog\link.command.1.tlog
c:\users\chris\source\repos\rollercoaster\rollercoaster\x64\debug\rollercoaster.tlog\link.read.1.tlog
c:\users\chris\source\repos\rollercoaster\rollercoaster\x64\debug\rollercoaster.tlog\link.write.1.tlog
