App.obj : error LNK2019: unresolved external symbol _glewInit@0 referenced in function _main
App.obj : error LNK2019: unresolved external symbol _glewGetErrorString@4 referenced in function _main
App.obj : error LNK2019: unresolved external symbol _glfwInit referenced in function _main
App.obj : error LNK2019: unresolved external symbol _glfwTerminate referenced in function _main
App.obj : error LNK2019: unresolved external symbol _glfwWindowHint referenced in function _main
App.obj : error LNK2019: unresolved external symbol _glfwCreateWindow referenced in function _main
App.obj : error LNK2019: unresolved external symbol _glfwWindowShouldClose referenced in function _main
App.obj : error LNK2019: unresolved external symbol _glfwPollEvents referenced in function _main
App.obj : error LNK2019: unresolved external symbol _glfwMakeContextCurrent referenced in function _main
App.obj : error LNK2019: unresolved external symbol _glfwSwapBuffers referenced in function _main
App.obj : error LNK2001: unresolved external symbol ___glewDebugMessageCallback
App.obj : error LNK2001: unresolved external symbol ___glewDebugMessageControl
IndexBuffer.obj : error LNK2019: unresolved external symbol __imp____glewBindBuffer referenced in function "public: __thiscall IndexBuffer::IndexBuffer(unsigned int const *,unsigned int)" (??0IndexBuffer@@QAE@PBII@Z)
VertexBuffer.obj : error LNK2001: unresolved external symbol __imp____glewBindBuffer
IndexBuffer.obj : error LNK2019: unresolved external symbol __imp____glewBufferData referenced in function "public: __thiscall IndexBuffer::IndexBuffer(unsigned int const *,unsigned int)" (??0IndexBuffer@@QAE@PBII@Z)
VertexBuffer.obj : error LNK2001: unresolved external symbol __imp____glewBufferData
IndexBuffer.obj : error LNK2019: unresolved external symbol __imp____glewDeleteBuffers referenced in function "public: __thiscall IndexBuffer::~IndexBuffer(void)" (??1IndexBuffer@@QAE@XZ)
VertexBuffer.obj : error LNK2001: unresolved external symbol __imp____glewDeleteBuffers
IndexBuffer.obj : error LNK2019: unresolved external symbol __imp____glewGenBuffers referenced in function "public: __thiscall IndexBuffer::IndexBuffer(unsigned int const *,unsigned int)" (??0IndexBuffer@@QAE@PBII@Z)
VertexBuffer.obj : error LNK2001: unresolved external symbol __imp____glewGenBuffers
Mesh.obj : error LNK2019: unresolved external symbol __imp____glewActiveTexture referenced in function "public: void __thiscall Mesh::Draw(class Shader &)" (?Draw@Mesh@@QAEXAAVShader@@@Z)
Mesh.obj : error LNK2019: unresolved external symbol __imp____glewGetUniformLocation referenced in function "public: void __thiscall Mesh::Draw(class Shader &)" (?Draw@Mesh@@QAEXAAVShader@@@Z)
Shader.obj : error LNK2001: unresolved external symbol __imp____glewGetUniformLocation
Mesh.obj : error LNK2019: unresolved external symbol __imp____glewUniform1i referenced in function "public: void __thiscall Mesh::Draw(class Shader &)" (?Draw@Mesh@@QAEXAAVShader@@@Z)
Mesh.obj : error LNK2019: unresolved external symbol __imp____glewBindVertexArray referenced in function "public: void __thiscall Mesh::Draw(class Shader &)" (?Draw@Mesh@@QAEXAAVShader@@@Z)
VertexArray.obj : error LNK2001: unresolved external symbol __imp____glewBindVertexArray
Model.obj : error LNK2019: unresolved external symbol "public: __thiscall Assimp::Importer::Importer(void)" (??0Importer@Assimp@@QAE@XZ) referenced in function "private: void __thiscall Model::loadModel(class std::basic_string<char,struct std::char_traits<char>,class std::allocator<char> >)" (?loadModel@Model@@AAEXV?$basic_string@DU?$char_traits@D@std@@V?$allocator@D@2@@std@@@Z)
Model.obj : error LNK2019: unresolved external symbol "public: __thiscall Assimp::Importer::~Importer(void)" (??1Importer@Assimp@@QAE@XZ) referenced in function "private: void __thiscall Model::loadModel(class std::basic_string<char,struct std::char_traits<char>,class std::allocator<char> >)" (?loadModel@Model@@AAEXV?$basic_string@DU?$char_traits@D@std@@V?$allocator@D@2@@std@@@Z)
Model.obj : error LNK2019: unresolved external symbol "public: struct aiScene const * __thiscall Assimp::Importer::ReadFile(char const *,unsigned int)" (?ReadFile@Importer@Assimp@@QAEPBUaiScene@@PBDI@Z) referenced in function "public: struct aiScene const * __thiscall Assimp::Importer::ReadFile(class std::basic_string<char,struct std::char_traits<char>,class std::allocator<char> > const &,unsigned int)" (?ReadFile@Importer@Assimp@@QAEPBUaiScene@@ABV?$basic_string@DU?$char_traits@D@std@@V?$allocator@D@2@@std@@I@Z)
Model.obj : error LNK2019: unresolved external symbol "public: char const * __thiscall Assimp::Importer::GetErrorString(void)const " (?GetErrorString@Importer@Assimp@@QBEPBDXZ) referenced in function "private: void __thiscall Model::loadModel(class std::basic_string<char,struct std::char_traits<char>,class std::allocator<char> >)" (?loadModel@Model@@AAEXV?$basic_string@DU?$char_traits@D@std@@V?$allocator@D@2@@std@@@Z)
Model.obj : error LNK2019: unresolved external symbol _aiGetMaterialTextureCount referenced in function "public: unsigned int __thiscall aiMaterial::GetTextureCount(enum aiTextureType)const " (?GetTextureCount@aiMaterial@@QBEIW4aiTextureType@@@Z)
Model.obj : error LNK2019: unresolved external symbol _aiGetMaterialTexture referenced in function "public: enum aiReturn __thiscall aiMaterial::GetTexture(enum aiTextureType,unsigned int,struct aiString *,enum aiTextureMapping *,unsigned int *,float *,enum aiTextureOp *,enum aiTextureMapMode *)const " (?GetTexture@aiMaterial@@QBE?AW4aiReturn@@W4aiTextureType@@IPAUaiString@@PAW4aiTextureMapping@@PAIPAMPAW4aiTextureOp@@PAW4aiTextureMapMode@@@Z)
Model.obj : error LNK2019: unresolved external symbol __imp____glewGenerateMipmap referenced in function "private: unsigned int __thiscall Model::TextureFromFile(char const *,class std::basic_string<char,struct std::char_traits<char>,class std::allocator<char> > const &,bool)" (?TextureFromFile@Model@@AAEIPBDABV?$basic_string@DU?$char_traits@D@std@@V?$allocator@D@2@@std@@_N@Z)
Shader.obj : error LNK2019: unresolved external symbol __imp____glewAttachShader referenced in function "public: __thiscall Shader::Shader(char const *,char const *)" (??0Shader@@QAE@PBD0@Z)
Shader.obj : error LNK2019: unresolved external symbol __imp____glewCompileShader referenced in function "private: unsigned int __thiscall Shader::compileShader(unsigned int,char const *)" (?compileShader@Shader@@AAEIIPBD@Z)
Shader.obj : error LNK2019: unresolved external symbol __imp____glewCreateProgram referenced in function "public: __thiscall Shader::Shader(char const *,char const *)" (??0Shader@@QAE@PBD0@Z)
Shader.obj : error LNK2019: unresolved external symbol __imp____glewCreateShader referenced in function "private: unsigned int __thiscall Shader::compileShader(unsigned int,char const *)" (?compileShader@Shader@@AAEIIPBD@Z)
Shader.obj : error LNK2019: unresolved external symbol __imp____glewDeleteShader referenced in function "public: __thiscall Shader::Shader(char const *,char const *)" (??0Shader@@QAE@PBD0@Z)
Shader.obj : error LNK2019: unresolved external symbol __imp____glewLinkProgram referenced in function "public: __thiscall Shader::Shader(char const *,char const *)" (??0Shader@@QAE@PBD0@Z)
Shader.obj : error LNK2019: unresolved external symbol __imp____glewShaderSource referenced in function "private: unsigned int __thiscall Shader::compileShader(unsigned int,char const *)" (?compileShader@Shader@@AAEIIPBD@Z)
Shader.obj : error LNK2019: unresolved external symbol __imp____glewUniformMatrix4fv referenced in function "public: void __thiscall Shader::setUniformMatrix4fv(class std::basic_string<char,struct std::char_traits<char>,class std::allocator<char> >,struct glm::tmat4x4<float,0>)" (?setUniformMatrix4fv@Shader@@QAEXV?$basic_string@DU?$char_traits@D@std@@V?$allocator@D@2@@std@@U?$tmat4x4@M$0A@@glm@@@Z)
Shader.obj : error LNK2019: unresolved external symbol __imp____glewUseProgram referenced in function "public: __thiscall Shader::Shader(char const *,char const *)" (??0Shader@@QAE@PBD0@Z)
Shader.obj : error LNK2019: unresolved external symbol __imp____glewValidateProgram referenced in function "public: __thiscall Shader::Shader(char const *,char const *)" (??0Shader@@QAE@PBD0@Z)
VertexArray.obj : error LNK2019: unresolved external symbol __imp____glewEnableVertexAttribArray referenced in function "public: void __thiscall VertexArray::addBufferWithLayout(class VertexBuffer const &,class BufferLayout const &)" (?addBufferWithLayout@VertexArray@@QAEXABVVertexBuffer@@ABVBufferLayout@@@Z)
VertexArray.obj : error LNK2019: unresolved external symbol __imp____glewVertexAttribPointer referenced in function "public: void __thiscall VertexArray::addBufferWithLayout(class VertexBuffer const &,class BufferLayout const &)" (?addBufferWithLayout@VertexArray@@QAEXABVVertexBuffer@@ABVBufferLayout@@@Z)
VertexArray.obj : error LNK2019: unresolved external symbol __imp____glewDeleteVertexArrays referenced in function "public: __thiscall VertexArray::~VertexArray(void)" (??1VertexArray@@QAE@XZ)
VertexArray.obj : error LNK2019: unresolved external symbol __imp____glewGenVertexArrays referenced in function "public: __thiscall VertexArray::VertexArray(void)" (??0VertexArray@@QAE@XZ)
C:\Users\chris\source\repos\RollerCoaster\Dependencies\libs\assimp-vc142-mtd.lib : warning LNK4272: library machine type 'x64' conflicts with target machine type 'x86'
C:\Users\chris\source\repos\RollerCoaster\Dependencies\libs\glfw3.lib : warning LNK4272: library machine type 'x64' conflicts with target machine type 'x86'
C:\Users\chris\source\repos\RollerCoaster\Dependencies\libs\glew32s.lib : warning LNK4272: library machine type 'x64' conflicts with target machine type 'x86'
C:\Users\chris\source\repos\RollerCoaster\Debug\RollerCoaster.exe : fatal error LNK1120: 41 unresolved externals
